../Core/Src/main.c:75:6:uart_debug	8	static
../Core/Src/main.c:84:5:main	8	static
../Core/Src/main.c:138:6:SystemClock_Config	88	static
../Core/Src/main.c:185:13:MX_SPI1_Init	8	static
../Core/Src/main.c:224:13:MX_USART2_UART_Init	8	static
../Core/Src/main.c:272:13:MX_GPIO_Init	56	static
../Core/Src/main.c:322:6:HAL_GPIO_EXTI_Falling_Callback	16	static
../Core/Src/main.c:332:6:process_uart	128	static
../Core/Src/main.c:369:6:HAL_UART_RxCpltCallback	24	static
../Core/Src/main.c:399:10:crc16_modbus	24	static
../Core/Src/main.c:417:5:validate_crc16_modbus	40	static
../Core/Src/main.c:432:6:spi_transmit	32	static
../Core/Src/main.c:440:6:printb	48	static
../Core/Src/main.c:450:6:HAL_SPI_RxCpltCallback	24	static
../Core/Src/main.c:485:6:Error_Handler	8	static,ignoring_inline_asm
